// Jest Snapshot v1, https://goo.gl/fbAQLP

exports[`PageNav component renders the component by default 1`] = `
<nav
  className="PageNav"
>
  <section>
    <Link
      to="/"
    >
      <img
        alt="Relentless Logo"
        className="nav-content"
        src="RelentlessLogo.jpg"
      />
      Relentless
    </Link>
  </section>
  <section
    style={
      Object {
        "display": "block",
      }
    }
  >
    <Link
      to="/user1"
    >
      <button
        className="try-for-free"
      >
        Try for Free
      </button>
    </Link>
  </section>
</nav>
`;

exports[`PageNav component renders the component from props 1`] = `
<nav
  className="PageNav"
>
  <section>
    <Link
      to="/"
    >
      <img
        alt="Relentless Logo"
        className="nav-content"
        src="RelentlessLogo.jpg"
      />
      Relentless
    </Link>
  </section>
  <section
    style={
      Object {
        "display": "block",
      }
    }
  >
    <Link
      to="/user1"
    >
      <button
        className="try-for-free"
      >
        Try for Free
      </button>
    </Link>
  </section>
</nav>
`;
