// Jest Snapshot v1, https://goo.gl/fbAQLP

exports[`GoalsNav component renders the component by default 1`] = `
<div
  className="GoalsNavSection"
>
  <h2>
    Week of 
    Invalid date
  </h2>
  <button
    className="week-nav"
    value="Invalid date"
  >
    Previous Week
  </button>
  <button
    className="week-nav"
    value="Invalid date"
  >
    Next Week
  </button>
  <div
    className="GoalsNav"
  >
    <button
      value="Annual"
    >
      Annual
    </button>
    <button
      value="Monthly"
    >
      Monthly
    </button>
    <button
      value="Weekly"
    >
      Weekly
    </button>
  </div>
</div>
`;

exports[`GoalsNav component renders the component from props 1`] = `
<div
  className="GoalsNavSection"
>
  <h2>
    Week of 
    Invalid date
  </h2>
  <button
    className="week-nav"
    value="Invalid date"
  >
    Previous Week
  </button>
  <button
    className="week-nav"
    value="Invalid date"
  >
    Next Week
  </button>
  <div
    className="GoalsNav"
  >
    <button
      value="Annual"
    >
      Annual
    </button>
    <button
      value="Monthly"
    >
      Monthly
    </button>
    <button
      value="Weekly"
    >
      Weekly
    </button>
  </div>
</div>
`;
